<style>.benchstat tbody td:nth-child(1n+2) { text-align: right; padding: 0em 1em; }</style>
<table class='benchstat'>
<tr><th>name \ time/op</th><th>old.txt</th><th>new.txt</th><th>slashslash4.txt</th>
<tr><td>CRC32/poly=IEEE/size=15/align=0-8</td><td>46.9ns ± 8%</td><td>44.5ns ± 3%</td><td></td>
<tr><td>CRC32/poly=IEEE/size=15/align=1-8</td><td>44.7ns ± 5%</td><td>44.5ns ± 4%</td><td></td>
<tr><td>CRC32/poly=IEEE/size=40/align=0-8</td><td>41.0ns ± 1%</td><td>42.5ns ± 6%</td><td>42.1ns ± 3%</td>
<tr><td>CRC32/poly=IEEE/size=40/align=1-8</td><td>41.1ns ± 1%</td><td>42.0ns ± 3%</td><td>41.7ns ± 5%</td>
<tr><td>CRC32/poly=IEEE/size=512/align=0-8</td><td>238ns ± 5%</td><td>57ns ± 3%</td><td></td>
<tr><td>CRC32/poly=IEEE/size=512/align=1-8</td><td>236ns ± 3%</td><td>57ns ± 3%</td><td></td>
<tr><td>CRC32/poly=IEEE/size=1kB/align=0-8</td><td>452ns ± 4%</td><td>94ns ± 2%</td><td></td>
<tr><td>CRC32/poly=IEEE/size=1kB/align=1-8</td><td>444ns ± 2%</td><td>93ns ± 2%</td><td></td>
<tr><td>CRC32/poly=IEEE/size=4kB/align=0-8</td><td>1.74µs ± 8%</td><td>0.30µs ± 1%</td><td>1.68µs ± 2%</td>
<tr><td>CRC32/poly=IEEE/size=4kB/align=1-8</td><td>1.76µs ± 6%</td><td>0.30µs ± 3%</td><td>1.69µs ± 4%</td>
<tr><td>CRC32/poly=IEEE/size=32kB/align=0-8</td><td>15.0µs ± 7%</td><td>2.2µs ± 3%</td><td></td>
<tr><td>CRC32/poly=IEEE/size=32kB/align=1-8</td><td>14.2µs ± 7%</td><td>2.2µs ± 3%</td><td></td>
<tr><td>CRC32/poly=Castagnoli/size=15/align=0-8</td><td>16.4ns ± 3%</td><td>16.3ns ± 2%</td><td></td>
<tr><td>CRC32/poly=Castagnoli/size=15/align=1-8</td><td>17.2ns ± 2%</td><td>17.3ns ± 2%</td><td></td>
<tr><td>CRC32/poly=Castagnoli/size=40/align=0-8</td><td>17.4ns ± 2%</td><td>17.5ns ± 4%</td><td>18.6ns ±11%</td>
<tr><td>CRC32/poly=Castagnoli/size=40/align=1-8</td><td>19.7ns ± 3%</td><td>19.4ns ± 2%</td><td>19.6ns ± 2%</td>
<tr><td>CRC32/poly=Castagnoli/size=512/align=0-8</td><td>40.2ns ± 2%</td><td>40.1ns ± 4%</td><td></td>
<tr><td>CRC32/poly=Castagnoli/size=512/align=1-8</td><td>42.1ns ± 3%</td><td>41.9ns ± 2%</td><td></td>
<tr><td>CRC32/poly=Castagnoli/size=1kB/align=0-8</td><td>65.5ns ± 1%</td><td>66.2ns ± 1%</td><td></td>
<tr><td>CRC32/poly=Castagnoli/size=1kB/align=1-8</td><td>70.1ns ± 6%</td><td>68.5ns ± 2%</td><td></td>
<tr><td>CRC32/poly=Castagnoli/size=4kB/align=0-8</td><td>163ns ± 5%</td><td>159ns ± 3%</td><td>161ns ± 8%</td>
<tr><td>CRC32/poly=Castagnoli/size=4kB/align=1-8</td><td>169ns ± 6%</td><td>162ns ± 3%</td><td>170ns ± 8%</td>
<tr><td>CRC32/poly=Castagnoli/size=32kB/align=0-8</td><td>1.22µs ± 4%</td><td>1.21µs ± 3%</td><td></td>
<tr><td>CRC32/poly=Castagnoli/size=32kB/align=1-8</td><td>1.26µs ± 3%</td><td>1.22µs ± 4%</td><td></td>
<tr><td>CRC32/poly=Koopman/size=15/align=0-8</td><td>36.5ns ±11%</td><td>35.6ns ± 3%</td><td></td>
<tr><td>CRC32/poly=Koopman/size=15/align=1-8</td><td>35.1ns ± 5%</td><td>35.5ns ± 1%</td><td></td>
<tr><td>CRC32/poly=Koopman/size=40/align=0-8</td><td>91.6ns ± 9%</td><td>87.6ns ± 2%</td><td>93.8ns ±13%</td>
<tr><td>CRC32/poly=Koopman/size=40/align=1-8</td><td>91.1ns ± 6%</td><td>88.0ns ± 3%</td><td>86.9ns ± 3%</td>
<tr><td>CRC32/poly=Koopman/size=512/align=0-8</td><td>1.13µs ± 5%</td><td>1.08µs ± 3%</td><td></td>
<tr><td>CRC32/poly=Koopman/size=512/align=1-8</td><td>1.13µs ± 6%</td><td>1.17µs ± 8%</td><td></td>
<tr><td>CRC32/poly=Koopman/size=1kB/align=0-8</td><td>2.24µs ± 6%</td><td>2.34µs ± 4%</td><td></td>
<tr><td>CRC32/poly=Koopman/size=1kB/align=1-8</td><td>2.15µs ± 2%</td><td>2.36µs ± 5%</td><td></td>
<tr><td>CRC32/poly=Koopman/size=4kB/align=0-8</td><td>9.03µs ± 6%</td><td>9.00µs ± 6%</td><td>9.08µs ± 8%</td>
<tr><td>CRC32/poly=Koopman/size=4kB/align=1-8</td><td>8.94µs ±10%</td><td>9.05µs ±12%</td><td>9.46µs ± 8%</td>
<tr><td>CRC32/poly=Koopman/size=32kB/align=0-8</td><td>72.4µs ± 9%</td><td>72.9µs ± 4%</td><td></td>
<tr><td>CRC32/poly=Koopman/size=32kB/align=1-8</td><td>69.6µs ± 3%</td><td>74.3µs ± 3%</td><td></td>
</table>

<style>.benchstat tbody td:nth-child(1n+2) { text-align: right; padding: 0em 1em; }</style>
<table class='benchstat'>
<tr><th>name \ speed</th><th>old.txt</th><th>new.txt</th><th>slashslash4.txt</th>
<tr><td>CRC32/poly=IEEE/size=15/align=0-8</td><td>321MB/s ± 8%</td><td>337MB/s ± 3%</td><td></td>
<tr><td>CRC32/poly=IEEE/size=15/align=1-8</td><td>336MB/s ± 4%</td><td>337MB/s ± 4%</td><td></td>
<tr><td>CRC32/poly=IEEE/size=40/align=0-8</td><td>975MB/s ± 1%</td><td>942MB/s ± 5%</td><td>951MB/s ± 3%</td>
<tr><td>CRC32/poly=IEEE/size=40/align=1-8</td><td>974MB/s ± 1%</td><td>952MB/s ± 3%</td><td>960MB/s ± 4%</td>
<tr><td>CRC32/poly=IEEE/size=512/align=0-8</td><td>2.15GB/s ± 4%</td><td>8.97GB/s ± 3%</td><td></td>
<tr><td>CRC32/poly=IEEE/size=512/align=1-8</td><td>2.17GB/s ± 3%</td><td>8.96GB/s ± 3%</td><td></td>
<tr><td>CRC32/poly=IEEE/size=1kB/align=0-8</td><td>2.26GB/s ± 4%</td><td>10.88GB/s ± 2%</td><td></td>
<tr><td>CRC32/poly=IEEE/size=1kB/align=1-8</td><td>2.31GB/s ± 2%</td><td>10.98GB/s ± 2%</td><td></td>
<tr><td>CRC32/poly=IEEE/size=4kB/align=0-8</td><td>2.36GB/s ± 7%</td><td>13.73GB/s ± 1%</td><td>2.43GB/s ± 2%</td>
<tr><td>CRC32/poly=IEEE/size=4kB/align=1-8</td><td>2.33GB/s ± 6%</td><td>13.68GB/s ± 3%</td><td>2.42GB/s ± 4%</td>
<tr><td>CRC32/poly=IEEE/size=32kB/align=0-8</td><td>2.19GB/s ± 7%</td><td>15.19GB/s ± 3%</td><td></td>
<tr><td>CRC32/poly=IEEE/size=32kB/align=1-8</td><td>2.31GB/s ± 8%</td><td>15.04GB/s ± 3%</td><td></td>
<tr><td>CRC32/poly=Castagnoli/size=15/align=0-8</td><td>916MB/s ± 2%</td><td>920MB/s ± 2%</td><td></td>
<tr><td>CRC32/poly=Castagnoli/size=15/align=1-8</td><td>870MB/s ± 2%</td><td>867MB/s ± 2%</td><td></td>
<tr><td>CRC32/poly=Castagnoli/size=40/align=0-8</td><td>2.30GB/s ± 2%</td><td>2.28GB/s ± 4%</td><td>2.16GB/s ±11%</td>
<tr><td>CRC32/poly=Castagnoli/size=40/align=1-8</td><td>2.03GB/s ± 3%</td><td>2.06GB/s ± 2%</td><td>2.04GB/s ± 2%</td>
<tr><td>CRC32/poly=Castagnoli/size=512/align=0-8</td><td>12.7GB/s ± 2%</td><td>12.8GB/s ± 4%</td><td></td>
<tr><td>CRC32/poly=Castagnoli/size=512/align=1-8</td><td>12.1GB/s ± 3%</td><td>12.2GB/s ± 1%</td><td></td>
<tr><td>CRC32/poly=Castagnoli/size=1kB/align=0-8</td><td>15.6GB/s ± 1%</td><td>15.5GB/s ± 1%</td><td></td>
<tr><td>CRC32/poly=Castagnoli/size=1kB/align=1-8</td><td>14.6GB/s ± 6%</td><td>15.0GB/s ± 2%</td><td></td>
<tr><td>CRC32/poly=Castagnoli/size=4kB/align=0-8</td><td>25.1GB/s ± 5%</td><td>25.7GB/s ± 3%</td><td>25.4GB/s ± 7%</td>
<tr><td>CRC32/poly=Castagnoli/size=4kB/align=1-8</td><td>24.1GB/s ± 6%</td><td>25.3GB/s ± 3%</td><td>24.1GB/s ± 8%</td>
<tr><td>CRC32/poly=Castagnoli/size=32kB/align=0-8</td><td>26.9GB/s ± 4%</td><td>26.8GB/s ± 5%</td><td></td>
<tr><td>CRC32/poly=Castagnoli/size=32kB/align=1-8</td><td>25.9GB/s ± 3%</td><td>26.8GB/s ± 4%</td><td></td>
<tr><td>CRC32/poly=Koopman/size=15/align=0-8</td><td>412MB/s ±10%</td><td>421MB/s ± 3%</td><td></td>
<tr><td>CRC32/poly=Koopman/size=15/align=1-8</td><td>427MB/s ± 5%</td><td>422MB/s ± 1%</td><td></td>
<tr><td>CRC32/poly=Koopman/size=40/align=0-8</td><td>437MB/s ± 9%</td><td>456MB/s ± 2%</td><td>428MB/s ±12%</td>
<tr><td>CRC32/poly=Koopman/size=40/align=1-8</td><td>440MB/s ± 6%</td><td>455MB/s ± 3%</td><td>461MB/s ± 3%</td>
<tr><td>CRC32/poly=Koopman/size=512/align=0-8</td><td>453MB/s ± 5%</td><td>476MB/s ± 3%</td><td></td>
<tr><td>CRC32/poly=Koopman/size=512/align=1-8</td><td>455MB/s ± 6%</td><td>440MB/s ± 8%</td><td></td>
<tr><td>CRC32/poly=Koopman/size=1kB/align=0-8</td><td>452MB/s ± 9%</td><td>438MB/s ± 4%</td><td></td>
<tr><td>CRC32/poly=Koopman/size=1kB/align=1-8</td><td>477MB/s ± 2%</td><td>434MB/s ± 5%</td><td></td>
<tr><td>CRC32/poly=Koopman/size=4kB/align=0-8</td><td>454MB/s ± 5%</td><td>455MB/s ± 6%</td><td>452MB/s ± 8%</td>
<tr><td>CRC32/poly=Koopman/size=4kB/align=1-8</td><td>459MB/s ± 9%</td><td>455MB/s ±11%</td><td>434MB/s ± 9%</td>
<tr><td>CRC32/poly=Koopman/size=32kB/align=0-8</td><td>453MB/s ± 8%</td><td>450MB/s ± 4%</td><td></td>
<tr><td>CRC32/poly=Koopman/size=32kB/align=1-8</td><td>471MB/s ± 3%</td><td>441MB/s ± 3%</td><td></td>
</table>
